// Jest Snapshot v1, https://goo.gl/fbAQLP

exports[`multimodal with images 1`] = `
{
  "bitmap_hashes": [
    "848984200801287295",
  ],
  "chunk_pos": [
    0,
    30,
    94,
  ],
  "chunk_pos_images": [
    30,
  ],
  "has_image": true,
  "tokens": Int32Array [
    1,
    2683,
    359,
    253,
    5356,
    11173,
    338,
    416,
    2988,
    2029,
    284,
    724,
    351,
    4381,
    30,
    198,
    198,
    11126,
    42,
    1812,
    314,
    260,
    2627,
    282,
    451,
    2443,
    47,
    198,
    49189,
    49152,
    -1,
    -1,
    -1,
    -1,
    -1,
    -1,
    -1,
    -1,
    -1,
    -1,
    -1,
    -1,
    -1,
    -1,
    -1,
    -1,
    -1,
    -1,
    -1,
    -1,
    -1,
    -1,
    -1,
    -1,
    -1,
    -1,
    -1,
    -1,
    -1,
    -1,
    -1,
    -1,
    -1,
    -1,
    -1,
    -1,
    -1,
    -1,
    -1,
    -1,
    -1,
    -1,
    -1,
    -1,
    -1,
    -1,
    -1,
    -1,
    -1,
    -1,
    -1,
    -1,
    -1,
    -1,
    -1,
    -1,
    -1,
    -1,
    -1,
    -1,
    -1,
    -1,
    -1,
    -1,
    49189,
    49279,
    198,
    9519,
    9531,
    42,
  ],
}
`;

exports[`multimodal with images 2`] = `
{
  "has_image": true,
  "image_paths": [
    "<img-path>",
  ],
  "prompt": "<|im_start|>You are a helpful assistant that can answer questions and help with tasks.

User: What is the content of this image?
<__image__><end_of_utterance>
Assistant:",
  "type": "llama-chat",
}
`;
